Sat May  2 16:56:01 IST 2026 : LISTING INSTANCES
Sat May  2 16:56:04 IST 2026 : ------------------------------------
|         DescribeInstances        |
+----------------------+-----------+
|          ID          |   STATE   |
+----------------------+-----------+
|  i-0508a782da171e4e0 |  stopped  |
|  i-01cb7a4be7326a70a |  stopped  |
|  i-0eaeab4a595abec0f |  stopped  |
|  i-0fba350be25e3884c |  stopped  |
|  i-0c00682243c7c63d8 |  stopped  |
|  i-0fd9474700c1213d8 |  stopped  |
|  i-0b43749e200d55a88 |  stopped  |
|  i-059ce7e6b8dc257aa |  stopped  |
|  i-07b57a12c3d2af1fa |  running  |
|  i-03ff14d5f45dabcdc |  running  |
+----------------------+-----------+
Sat May  2 16:56:52 IST 2026 : Started Stoping all running instances
Sat May  2 16:56:54 IST 2026 : stoped instances i-07b57a12c3d2af1fa	i-03ff14d5f45dabcdc
Sat May  2 16:57:15 IST 2026 : LISTING INSTANCES
Sat May  2 16:57:18 IST 2026 : ------------------------------------
|         DescribeInstances        |
+----------------------+-----------+
|          ID          |   STATE   |
+----------------------+-----------+
|  i-0508a782da171e4e0 |  stopped  |
|  i-01cb7a4be7326a70a |  stopped  |
|  i-0eaeab4a595abec0f |  stopped  |
|  i-0fba350be25e3884c |  stopped  |
|  i-0c00682243c7c63d8 |  stopped  |
|  i-0fd9474700c1213d8 |  stopped  |
|  i-0b43749e200d55a88 |  stopped  |
|  i-059ce7e6b8dc257aa |  stopped  |
|  i-07b57a12c3d2af1fa |  running  |
|  i-03ff14d5f45dabcdc |  running  |
+----------------------+-----------+
Sat May  2 16:58:42 IST 2026 : LISTING INSTANCES
Sat May  2 16:58:45 IST 2026 : ------------------------------------
|         DescribeInstances        |
+----------------------+-----------+
|          ID          |   STATE   |
+----------------------+-----------+
|  i-0508a782da171e4e0 |  stopped  |
|  i-01cb7a4be7326a70a |  stopped  |
|  i-0eaeab4a595abec0f |  stopped  |
|  i-0fba350be25e3884c |  stopped  |
|  i-0c00682243c7c63d8 |  stopped  |
|  i-0fd9474700c1213d8 |  stopped  |
|  i-0b43749e200d55a88 |  stopped  |
|  i-059ce7e6b8dc257aa |  stopped  |
|  i-07b57a12c3d2af1fa |  running  |
|  i-03ff14d5f45dabcdc |  running  |
+----------------------+-----------+
Sat May  2 16:58:47 IST 2026 : Started Stoping all running instances
Sat May  2 16:58:51 IST 2026 : stoped instances i-07b57a12c3d2af1fa	i-03ff14d5f45dabcdc
Sat May  2 16:59:57 IST 2026 : LISTING INSTANCES
Sat May  2 17:00:00 IST 2026 : ------------------------------------
|         DescribeInstances        |
+----------------------+-----------+
|          ID          |   STATE   |
+----------------------+-----------+
|  i-0508a782da171e4e0 |  stopped  |
|  i-01cb7a4be7326a70a |  stopped  |
|  i-0eaeab4a595abec0f |  stopped  |
|  i-0fba350be25e3884c |  stopped  |
|  i-0c00682243c7c63d8 |  stopped  |
|  i-0fd9474700c1213d8 |  stopped  |
|  i-0b43749e200d55a88 |  stopped  |
|  i-059ce7e6b8dc257aa |  stopped  |
|  i-07b57a12c3d2af1fa |  running  |
|  i-03ff14d5f45dabcdc |  running  |
+----------------------+-----------+
Sat May  2 17:01:02 IST 2026 : Started Stoping all running instances
Sat May  2 17:01:08 IST 2026 : stoped instances i-07b57a12c3d2af1fa	i-03ff14d5f45dabcdc
Sat May  2 17:01:11 IST 2026 : LISTING INSTANCES
Sat May  2 17:01:13 IST 2026 : ------------------------------------
|         DescribeInstances        |
+----------------------+-----------+
|          ID          |   STATE   |
+----------------------+-----------+
|  i-0508a782da171e4e0 |  stopped  |
|  i-01cb7a4be7326a70a |  stopped  |
|  i-0eaeab4a595abec0f |  stopped  |
|  i-0fba350be25e3884c |  stopped  |
|  i-0c00682243c7c63d8 |  stopped  |
|  i-0fd9474700c1213d8 |  stopped  |
|  i-0b43749e200d55a88 |  stopped  |
|  i-059ce7e6b8dc257aa |  stopped  |
|  i-07b57a12c3d2af1fa |  running  |
|  i-03ff14d5f45dabcdc |  running  |
+----------------------+-----------+
Sat May  2 17:01:58 IST 2026 : Started Stoping all running instances
Sat May  2 17:02:11 IST 2026 : stoped instances i-07b57a12c3d2af1fa	i-03ff14d5f45dabcdc
Sat May  2 17:02:31 IST 2026 : LISTING INSTANCES
Sat May  2 17:02:33 IST 2026 : ------------------------------------
|         DescribeInstances        |
+----------------------+-----------+
|          ID          |   STATE   |
+----------------------+-----------+
|  i-0508a782da171e4e0 |  stopped  |
|  i-01cb7a4be7326a70a |  stopped  |
|  i-0eaeab4a595abec0f |  stopped  |
|  i-0fba350be25e3884c |  stopped  |
|  i-0c00682243c7c63d8 |  stopped  |
|  i-0fd9474700c1213d8 |  stopped  |
|  i-0b43749e200d55a88 |  stopped  |
|  i-059ce7e6b8dc257aa |  stopped  |
|  i-07b57a12c3d2af1fa |  stopped  |
|  i-03ff14d5f45dabcdc |  stopped  |
+----------------------+-----------+
Sat May  2 17:02:42 IST 2026 : Started Stoping all running instances
Sat May  2 17:02:46 IST 2026 : stoped instances 
Sat May  2 17:05:51 IST 2026 : Creating ec2 instance
Sat May  2 17:05:55 IST 2026 : Created instance: i-0c7bc8f26935d7687	i-029cd0485ffdec4f8
Sat May  2 17:06:00 IST 2026 : LISTING INSTANCES
Sat May  2 17:06:02 IST 2026 : ------------------------------------
|         DescribeInstances        |
+----------------------+-----------+
|          ID          |   STATE   |
+----------------------+-----------+
|  i-0508a782da171e4e0 |  stopped  |
|  i-01cb7a4be7326a70a |  stopped  |
|  i-0eaeab4a595abec0f |  stopped  |
|  i-0fba350be25e3884c |  stopped  |
|  i-0c00682243c7c63d8 |  stopped  |
|  i-0fd9474700c1213d8 |  stopped  |
|  i-0b43749e200d55a88 |  stopped  |
|  i-059ce7e6b8dc257aa |  stopped  |
|  i-07b57a12c3d2af1fa |  stopped  |
|  i-03ff14d5f45dabcdc |  stopped  |
|  i-0c7bc8f26935d7687 |  running  |
|  i-029cd0485ffdec4f8 |  running  |
+----------------------+-----------+
Sat May  2 17:06:16 IST 2026 : Started Stoping all running instances
Sat May  2 17:06:20 IST 2026 : stoped instances i-0c7bc8f26935d7687	i-029cd0485ffdec4f8
Sat May  2 17:06:39 IST 2026 : LISTING INSTANCES
Sat May  2 17:06:40 IST 2026 : ------------------------------------
|         DescribeInstances        |
+----------------------+-----------+
|          ID          |   STATE   |
+----------------------+-----------+
|  i-0508a782da171e4e0 |  stopped  |
|  i-01cb7a4be7326a70a |  stopped  |
|  i-0eaeab4a595abec0f |  stopped  |
|  i-0fba350be25e3884c |  stopped  |
|  i-0c00682243c7c63d8 |  stopped  |
|  i-0fd9474700c1213d8 |  stopped  |
|  i-0b43749e200d55a88 |  stopped  |
|  i-059ce7e6b8dc257aa |  stopped  |
|  i-07b57a12c3d2af1fa |  stopped  |
|  i-03ff14d5f45dabcdc |  stopped  |
|  i-0c7bc8f26935d7687 |  stopped  |
|  i-029cd0485ffdec4f8 |  stopped  |
+----------------------+-----------+
Sat May  2 17:07:17 IST 2026 : LISTING INSTANCES
Sat May  2 17:07:20 IST 2026 : ------------------------------------
|         DescribeInstances        |
+----------------------+-----------+
|          ID          |   STATE   |
+----------------------+-----------+
|  i-0508a782da171e4e0 |  stopped  |
|  i-01cb7a4be7326a70a |  stopped  |
|  i-0eaeab4a595abec0f |  stopped  |
|  i-0fba350be25e3884c |  stopped  |
|  i-0c00682243c7c63d8 |  stopped  |
|  i-0fd9474700c1213d8 |  stopped  |
|  i-0b43749e200d55a88 |  stopped  |
|  i-059ce7e6b8dc257aa |  stopped  |
|  i-07b57a12c3d2af1fa |  stopped  |
|  i-03ff14d5f45dabcdc |  stopped  |
|  i-0c7bc8f26935d7687 |  stopped  |
|  i-029cd0485ffdec4f8 |  stopped  |
+----------------------+-----------+
Sat May  2 17:07:27 IST 2026 : Creating ec2 instance
Sat May  2 17:07:30 IST 2026 : Created instance: i-06a4461785d41bda0
Sat May  2 17:07:32 IST 2026 : LISTING INSTANCES
Sat May  2 17:07:34 IST 2026 : ------------------------------------
|         DescribeInstances        |
+----------------------+-----------+
|          ID          |   STATE   |
+----------------------+-----------+
|  i-0508a782da171e4e0 |  stopped  |
|  i-01cb7a4be7326a70a |  stopped  |
|  i-0eaeab4a595abec0f |  stopped  |
|  i-0fba350be25e3884c |  stopped  |
|  i-0c00682243c7c63d8 |  stopped  |
|  i-0fd9474700c1213d8 |  stopped  |
|  i-0b43749e200d55a88 |  stopped  |
|  i-059ce7e6b8dc257aa |  stopped  |
|  i-07b57a12c3d2af1fa |  stopped  |
|  i-03ff14d5f45dabcdc |  stopped  |
|  i-06a4461785d41bda0 |  running  |
|  i-0c7bc8f26935d7687 |  stopped  |
|  i-029cd0485ffdec4f8 |  stopped  |
+----------------------+-----------+
Sat May  2 17:07:52 IST 2026 : Started Stoping all running instances
Sat May  2 17:07:55 IST 2026 : stoped instances i-06a4461785d41bda0
Sat May  2 17:09:07 IST 2026 : Terminating the instance 
Sat May  2 17:09:12 IST 2026 : TERMINATED 
Sat May  2 17:09:33 IST 2026 : LISTING INSTANCES
Sat May  2 17:09:35 IST 2026 : ------------------------------------
|         DescribeInstances        |
+----------------------+-----------+
|          ID          |   STATE   |
+----------------------+-----------+
|  i-0508a782da171e4e0 |  stopped  |
|  i-01cb7a4be7326a70a |  stopped  |
|  i-0eaeab4a595abec0f |  stopped  |
|  i-0fba350be25e3884c |  stopped  |
|  i-0c00682243c7c63d8 |  stopped  |
|  i-0fd9474700c1213d8 |  stopped  |
|  i-0b43749e200d55a88 |  stopped  |
|  i-059ce7e6b8dc257aa |  stopped  |
|  i-07b57a12c3d2af1fa |  stopped  |
|  i-03ff14d5f45dabcdc |  stopped  |
|  i-06a4461785d41bda0 |  stopped  |
|  i-0c7bc8f26935d7687 |  stopped  |
|  i-029cd0485ffdec4f8 |  stopped  |
+----------------------+-----------+
Sat May  2 17:14:01 IST 2026 : LISTING INSTANCES
Sat May  2 17:14:04 IST 2026 : ------------------------------------
|         DescribeInstances        |
+----------------------+-----------+
|          ID          |   STATE   |
+----------------------+-----------+
|  i-0508a782da171e4e0 |  stopped  |
|  i-01cb7a4be7326a70a |  stopped  |
|  i-0eaeab4a595abec0f |  stopped  |
|  i-0fba350be25e3884c |  stopped  |
|  i-0c00682243c7c63d8 |  stopped  |
|  i-0fd9474700c1213d8 |  stopped  |
|  i-0b43749e200d55a88 |  stopped  |
|  i-059ce7e6b8dc257aa |  stopped  |
|  i-07b57a12c3d2af1fa |  stopped  |
|  i-03ff14d5f45dabcdc |  stopped  |
|  i-06a4461785d41bda0 |  stopped  |
|  i-0c7bc8f26935d7687 |  stopped  |
|  i-029cd0485ffdec4f8 |  stopped  |
+----------------------+-----------+
Sat May  2 17:14:15 IST 2026 : Terminating the instance i-0508a782da171e4e0
Sat May  2 17:14:19 IST 2026 : TERMINATED i-0508a782da171e4e0
Sat May  2 17:14:22 IST 2026 : LISTING INSTANCES
Sat May  2 17:14:24 IST 2026 : ---------------------------------------
|          DescribeInstances          |
+----------------------+--------------+
|          ID          |    STATE     |
+----------------------+--------------+
|  i-0508a782da171e4e0 |  terminated  |
|  i-01cb7a4be7326a70a |  stopped     |
|  i-0eaeab4a595abec0f |  stopped     |
|  i-0fba350be25e3884c |  stopped     |
|  i-0c00682243c7c63d8 |  stopped     |
|  i-0fd9474700c1213d8 |  stopped     |
|  i-0b43749e200d55a88 |  stopped     |
|  i-059ce7e6b8dc257aa |  stopped     |
|  i-07b57a12c3d2af1fa |  stopped     |
|  i-03ff14d5f45dabcdc |  stopped     |
|  i-06a4461785d41bda0 |  stopped     |
|  i-0c7bc8f26935d7687 |  stopped     |
|  i-029cd0485ffdec4f8 |  stopped     |
+----------------------+--------------+
Sat May  2 17:14:36 IST 2026 : Sarted terminating the instances which are stoped
Sat May  2 17:14:39 IST 2026 : Terminating the instances 
Sat May  2 17:15:42 IST 2026 : Sarted terminating the instances which are stoped
Sat May  2 17:15:46 IST 2026 : Terminating the instances 
Sat May  2 17:17:19 IST 2026 : Sarted terminating the instances which are stoped
Sat May  2 17:17:23 IST 2026 : Terminating the instances 
Sat May  2 17:20:11 IST 2026 : Sarted terminating the instances which are stoped
Sat May  2 17:20:15 IST 2026 : Terminating the instances 
Sat May  2 17:24:10 IST 2026 : Sarted terminating the instances which are stoped
Sat May  2 17:24:14 IST 2026 : Terminating the instances 
Sat May  2 17:28:47 IST 2026 : Sarted terminating the instances which are stoped
Sat May  2 17:33:15 IST 2026 : Sarted terminating the instances which are stoped
Sat May  2 17:33:20 IST 2026 : Terminating the instances i-01cb7a4be7326a70a	i-0eaeab4a595abec0f	i-0fba350be25e3884c	i-0c00682243c7c63d8	i-0fd9474700c1213d8	i-0b43749e200d55a88	i-059ce7e6b8dc257aa	i-07b57a12c3d2af1fa	i-03ff14d5f45dabcdc	i-06a4461785d41bda0	i-0c7bc8f26935d7687	i-029cd0485ffdec4f8
Sat May  2 17:33:36 IST 2026 : LISTING INSTANCES
Sat May  2 17:33:38 IST 2026 : ---------------------------------------
|          DescribeInstances          |
+----------------------+--------------+
|          ID          |    STATE     |
+----------------------+--------------+
|  i-0508a782da171e4e0 |  terminated  |
|  i-01cb7a4be7326a70a |  stopped     |
|  i-0eaeab4a595abec0f |  stopped     |
|  i-0fba350be25e3884c |  stopped     |
|  i-0c00682243c7c63d8 |  stopped     |
|  i-0fd9474700c1213d8 |  stopped     |
|  i-0b43749e200d55a88 |  stopped     |
|  i-059ce7e6b8dc257aa |  stopped     |
|  i-07b57a12c3d2af1fa |  stopped     |
|  i-03ff14d5f45dabcdc |  stopped     |
|  i-06a4461785d41bda0 |  stopped     |
|  i-0c7bc8f26935d7687 |  stopped     |
|  i-029cd0485ffdec4f8 |  stopped     |
+----------------------+--------------+
Sat May  2 17:39:54 IST 2026 : Sarted terminating the instances which are stoped
Sat May  2 17:40:01 IST 2026 : Terminating the instances i-01cb7a4be7326a70a	i-0eaeab4a595abec0f	i-0fba350be25e3884c	i-0c00682243c7c63d8	i-0fd9474700c1213d8	i-0b43749e200d55a88	i-059ce7e6b8dc257aa	i-07b57a12c3d2af1fa	i-03ff14d5f45dabcdc	i-06a4461785d41bda0	i-0c7bc8f26935d7687	i-029cd0485ffdec4f8
Sat May  2 17:40:07 IST 2026 : LISTING INSTANCES
Sat May  2 17:40:09 IST 2026 : ---------------------------------------
|          DescribeInstances          |
+----------------------+--------------+
|          ID          |    STATE     |
+----------------------+--------------+
|  i-0508a782da171e4e0 |  terminated  |
|  i-01cb7a4be7326a70a |  terminated  |
|  i-0eaeab4a595abec0f |  terminated  |
|  i-0fba350be25e3884c |  terminated  |
|  i-0c00682243c7c63d8 |  terminated  |
|  i-0fd9474700c1213d8 |  terminated  |
|  i-0b43749e200d55a88 |  terminated  |
|  i-059ce7e6b8dc257aa |  terminated  |
|  i-07b57a12c3d2af1fa |  terminated  |
|  i-03ff14d5f45dabcdc |  terminated  |
|  i-06a4461785d41bda0 |  terminated  |
|  i-0c7bc8f26935d7687 |  terminated  |
|  i-029cd0485ffdec4f8 |  terminated  |
+----------------------+--------------+
Sat May  2 17:57:53 IST 2026 : Creating ec2 instance
Sat May  2 17:57:55 IST 2026 : Created instance: 
Sat May  2 17:59:05 IST 2026 : Creating ec2 instance
Sat May  2 17:59:06 IST 2026 : Created instance: 
Mon May  4 13:05:12 IST 2026 : LISTING INSTANCES
Mon May  4 13:05:14 IST 2026 : 
Mon May  4 13:06:15 IST 2026 : LISTING INSTANCES
Mon May  4 13:06:17 IST 2026 : 
Mon May  4 13:06:23 IST 2026 : Creating ec2 instance
Mon May  4 13:06:26 IST 2026 : Created instance: i-0d18fb459b406ebb0
Mon May  4 13:06:28 IST 2026 : LISTING INSTANCES
Mon May  4 13:06:29 IST 2026 : ------------------------------------
|         DescribeInstances        |
+----------------------+-----------+
|          ID          |   STATE   |
+----------------------+-----------+
|  i-0d18fb459b406ebb0 |  pending  |
+----------------------+-----------+
Mon May  4 13:06:34 IST 2026 : LISTING INSTANCES
Mon May  4 13:06:35 IST 2026 : ------------------------------------
|         DescribeInstances        |
+----------------------+-----------+
|          ID          |   STATE   |
+----------------------+-----------+
|  i-0d18fb459b406ebb0 |  running  |
+----------------------+-----------+
Mon May  4 13:33:25 IST 2026 : LISTING INSTANCES
Mon May  4 13:33:27 IST 2026 : ------------------------------------
|         DescribeInstances        |
+----------------------+-----------+
|          ID          |   STATE   |
+----------------------+-----------+
|  i-0d18fb459b406ebb0 |  running  |
+----------------------+-----------+
Mon May  4 13:33:54 IST 2026 : LISTING INSTANCES
Mon May  4 13:33:55 IST 2026 : ------------------------------------
|         DescribeInstances        |
+----------------------+-----------+
|          ID          |   STATE   |
+----------------------+-----------+
|  i-0d18fb459b406ebb0 |  running  |
+----------------------+-----------+
Mon May  4 13:35:46 IST 2026 : LISTING INSTANCES
Mon May  4 13:35:48 IST 2026 : ------------------------------------
|         DescribeInstances        |
+----------------------+-----------+
|          ID          |   STATE   |
+----------------------+-----------+
|  i-0d18fb459b406ebb0 |  running  |
+----------------------+-----------+
Mon May  4 17:04:36 IST 2026 : LISTING INSTANCES
Mon May  4 17:04:38 IST 2026 : ------------------------------------
|         DescribeInstances        |
+----------------------+-----------+
|          ID          |   STATE   |
+----------------------+-----------+
|  i-0d18fb459b406ebb0 |  running  |
+----------------------+-----------+
Mon May  4 17:04:43 IST 2026 : Sarted terminating the instances which are stoped
Mon May  4 17:05:35 IST 2026 : Sarted terminating the instances which are stoped
Mon May  4 17:06:31 IST 2026 : Sarted terminating the instances which are stoped
Mon May  4 17:06:45 IST 2026 : Stoping the instance
Mon May  4 17:06:48 IST 2026 : i-0d18fb459b406ebb0 Stoped
Mon May  4 17:07:54 IST 2026 : LISTING INSTANCES
Mon May  4 17:07:56 IST 2026 : ------------------------------------
|         DescribeInstances        |
+----------------------+-----------+
|          ID          |   STATE   |
+----------------------+-----------+
|  i-0d18fb459b406ebb0 |  stopped  |
+----------------------+-----------+
Mon May  4 17:08:03 IST 2026 : Sarted terminating the instances which are stoped
Mon May  4 17:08:06 IST 2026 : Terminating the instances i-0d18fb459b406ebb0
Mon May  4 17:08:07 IST 2026 : LISTING INSTANCES
Mon May  4 17:08:09 IST 2026 : ------------------------------------------
|            DescribeInstances           |
+----------------------+-----------------+
|          ID          |      STATE      |
+----------------------+-----------------+
|  i-0d18fb459b406ebb0 |  shutting-down  |
+----------------------+-----------------+
Mon May  4 17:08:11 IST 2026 : LISTING INSTANCES
Mon May  4 17:08:12 IST 2026 : ---------------------------------------
|          DescribeInstances          |
+----------------------+--------------+
|          ID          |    STATE     |
+----------------------+--------------+
|  i-0d18fb459b406ebb0 |  terminated  |
+----------------------+--------------+
Mon May  4 17:16:49 IST 2026 : Sarted terminating the instances which are stoped
Mon May  4 17:23:21 IST 2026 : Creating ec2 instance
Mon May  4 17:23:23 IST 2026 : Created instance: i-069fd8f96dbeac738
Mon May  4 17:23:30 IST 2026 : LISTING INSTANCES
Mon May  4 17:23:31 IST 2026 : ---------------------------------------
|          DescribeInstances          |
+----------------------+--------------+
|          ID          |    STATE     |
+----------------------+--------------+
|  i-0d18fb459b406ebb0 |  terminated  |
|  i-069fd8f96dbeac738 |  running     |
+----------------------+--------------+
Mon May  4 17:32:31 IST 2026 : LISTING INSTANCES
Mon May  4 17:32:33 IST 2026 : ---------------------------------------
|          DescribeInstances          |
+----------------------+--------------+
|          ID          |    STATE     |
+----------------------+--------------+
|  i-0d18fb459b406ebb0 |  terminated  |
|  i-069fd8f96dbeac738 |  running     |
+----------------------+--------------+
Mon May  4 17:32:44 IST 2026 : Stoping the instance
Mon May  4 17:32:47 IST 2026 : i-069fd8f96dbeac738 Stoped
Mon May  4 17:32:58 IST 2026 : Sarted terminating the instances which are stoped
Mon May  4 17:33:03 IST 2026 : Sarted terminating the instances which are stoped
Mon May  4 17:33:06 IST 2026 : Sarted terminating the instances which are stoped
Mon May  4 17:33:09 IST 2026 : Sarted terminating the instances which are stoped
Mon May  4 17:33:12 IST 2026 : Terminating the instances i-069fd8f96dbeac738
Mon May  4 17:33:16 IST 2026 : LISTING INSTANCES
Mon May  4 17:33:17 IST 2026 : ------------------------------------------
|            DescribeInstances           |
+----------------------+-----------------+
|          ID          |      STATE      |
+----------------------+-----------------+
|  i-0d18fb459b406ebb0 |  terminated     |
|  i-069fd8f96dbeac738 |  shutting-down  |
+----------------------+-----------------+
Tue May  5 11:51:58 IST 2026 : LISTING INSTANCES
Tue May  5 11:52:00 IST 2026 : 
Tue May  5 11:52:07 IST 2026 : Creating ec2 instance
Tue May  5 11:52:09 IST 2026 : Created instance: i-05463d7f8c967c446
Tue May  5 11:52:13 IST 2026 : LISTING INSTANCES
Tue May  5 11:52:14 IST 2026 : ------------------------------------
|         DescribeInstances        |
+----------------------+-----------+
|          ID          |   STATE   |
+----------------------+-----------+
|  i-05463d7f8c967c446 |  running  |
+----------------------+-----------+
  [ERROR] invalid section 
  [INFO] LISTING INSTANCES 
 26-05-05 13:04:52 [INFO] LISTING INSTANCES 
 26-05-05 13:04:57 [INFO] LISTING INSTANCES 
 26-05-05 13:05:27 [INFO] Creating ec2 instance 
 26-05-05 13:05:30 [INFO] Created instance: i-0b340e1072ef18d62 
 26-05-05 13:05:33 [INFO] LISTING INSTANCES 
 26-05-05 13:05:38 [INFO] LISTING INSTANCES 
 26-05-05 13:05:40 [INFO] LISTING INSTANCES 
 26-05-05 13:07:04 [INFO] LISTING INSTANCES 
 26-05-05 13:08:10 [INFO] LISTING INSTANCES 
 26-05-05 13:08:21 [INFO] Creating ec2 instance 
 26-05-05 13:08:23 [INFO] Created instance: i-0ea54c9b697ab9069 
 26-05-05 13:09:03 [INFO] LISTING INSTANCES 
 26-05-05 13:09:12 [INFO] Started Stoping all running instances 
 26-05-05 13:09:15 [INFO] stoped instances i-05463d7f8c967c446	i-0b340e1072ef18d62	i-0ea54c9b697ab9069 
 26-05-05 13:09:19 [INFO] LISTING INSTANCES 
 26-05-05 13:09:22 [INFO] LISTING INSTANCES 
 26-05-05 13:09:24 [INFO] LISTING INSTANCES 
 26-05-05 13:09:26 [INFO] LISTING INSTANCES 
 26-05-05 13:09:28 [INFO] LISTING INSTANCES 
 26-05-05 13:09:29 [INFO] LISTING INSTANCES 
 26-05-05 13:09:31 [INFO] LISTING INSTANCES 
 26-05-05 13:09:33 [INFO] LISTING INSTANCES 
 26-05-05 13:09:35 [INFO] LISTING INSTANCES 
 26-05-05 13:09:44 [INFO] Sarted terminating the instances which are stoped 
 26-05-05 13:09:46 [INFO] Terminating the instances i-05463d7f8c967c446	i-0b340e1072ef18d62	i-0ea54c9b697ab9069 
 26-05-05 13:09:50 [INFO] LISTING INSTANCES 
 26-05-05 13:09:56 [INFO] LISTING INSTANCES 
 26-05-05 13:12:24 [INFO] Creating ec2 instance 
 26-05-05 13:12:27 [INFO] Created instance: i-062a483bbe3755c71 
 26-05-05 13:13:27 [INFO] LISTING INSTANCES 
 26-05-05 13:13:35 [INFO] Sarted terminating the instances which are stoped 
 26-05-05 13:13:36 [ERROR] no instances in stoped state 
 26-05-05 13:29:36 [INFO] LISTING INSTANCES 
 26-05-05 13:29:49 [INFO] Stoping the instance 
 26-05-05 13:29:52 [INFO] i-062a483bbe3755c71 Stoped 
 26-05-05 13:29:54 [INFO] LISTING INSTANCES 
 26-05-05 13:30:03 [INFO] Sarted terminating the instances which are stoped 
 26-05-05 13:30:04 [ERROR] no instances in stoped state 
 26-05-05 13:30:07 [INFO] Sarted terminating the instances which are stoped 
 26-05-05 13:30:08 [ERROR] no instances in stoped state 
 26-05-05 13:30:11 [INFO] LISTING INSTANCES 
 26-05-05 13:30:17 [INFO] Sarted terminating the instances which are stoped 
 26-05-05 13:30:19 [INFO] Terminating the instances i-062a483bbe3755c71 
 26-05-05 14:23:13 [INFO] LISTING INSTANCES 
 26-05-05 14:23:22 [INFO] Sarted terminating the instances which are stoped 
 26-05-05 14:23:23 [ERROR] no instances in stoped state 
 26-05-05 17:46:42 [INFO] LISTING INSTANCES 
 26-05-05 17:46:51 [INFO] Creating ec2 instance 
 26-05-05 17:46:53 [INFO] Created instance: i-0d7b8183762515314 
 26-05-05 17:46:54 [INFO] LISTING INSTANCES 
 26-05-05 17:46:57 [INFO] LISTING INSTANCES 
 26-05-05 22:02:31 [INFO] LISTING INSTANCES 
 26-05-05 22:54:34 [INFO] Started Stoping all running instances 
 26-05-05 22:54:40 [INFO] stoped instances i-0d7b8183762515314 
 26-05-05 22:54:44 [INFO] LISTING INSTANCES 
 26-05-05 22:54:49 [INFO] LISTING INSTANCES 
 26-05-05 22:54:51 [INFO] LISTING INSTANCES 
 26-05-05 22:54:57 [INFO] LISTING INSTANCES 
 26-05-05 22:55:05 [INFO] Sarted terminating the instances which are stoped 
 26-05-05 22:55:08 [INFO] Terminating the instances i-0d7b8183762515314 
 26-05-05 22:55:10 [INFO] LISTING INSTANCES 
 26-05-06 12:15:31 [INFO] LISTING INSTANCES 
 26-05-06 12:18:27 [INFO] LISTING INSTANCES 
 26-05-06 12:20:32 [INFO] LISTING INSTANCES 
 26-05-06 12:22:12 [INFO] LISTING INSTANCES 
 26-05-06 12:22:18 [INFO] Creating ec2 instance 
 26-05-06 12:22:21 [INFO] Created instance: i-08788767232643609 
 26-05-06 12:22:23 [INFO] LISTING INSTANCES 
 26-05-06 12:23:15 [INFO] Stoping the instance 
 26-05-06 12:23:17 [ERROR] ERROR : i-0878876723264360 is not a valid id 
 26-05-06 12:25:21 [INFO] Stoping the instance 
 26-05-06 12:25:22 [ERROR] Command failed at line 116: aws ec2 describe-instances --instance-ids "$1" >> /dev/null 2>&1 
 26-05-06 12:28:30 [INFO] Stoping the instance 
 26-05-06 12:28:32 [ERROR] Command failed at line 116: aws ec2 describe-instances --instance-ids "$1" >> /dev/null 2>&1 
 26-05-06 12:41:00 [INFO] Stoping the instance 
 26-05-06 12:41:01 [ERROR] ERROR : i-0878876723264360 is not a valid id 
 26-05-06 12:41:12 [INFO] Stoping the instance 
 26-05-06 12:41:15 [INFO] i-08788767232643609 Stoped 
 26-05-06 12:41:24 [INFO] LISTING INSTANCES 
 26-05-06 12:41:29 [INFO] LISTING INSTANCES 
 26-05-06 12:41:31 [INFO] LISTING INSTANCES 
 26-05-06 12:41:33 [INFO] LISTING INSTANCES 
 26-05-06 12:41:35 [INFO] LISTING INSTANCES 
 26-05-06 12:41:37 [INFO] LISTING INSTANCES 
 26-05-06 12:41:39 [INFO] LISTING INSTANCES 
 26-05-06 12:41:42 [INFO] LISTING INSTANCES 
 26-05-06 12:41:48 [INFO] Sarted terminating the instances which are stoped 
 26-05-06 12:41:51 [INFO] Terminating the instances i-08788767232643609 
 26-05-06 12:41:54 [INFO] LISTING INSTANCES 
 26-05-06 12:41:57 [INFO] LISTING INSTANCES 
 26-05-06 12:41:59 [INFO] LISTING INSTANCES 
 26-05-06 15:59:11 [INFO] Creating ec2 instance 
 26-05-06 15:59:14 [INFO] Created instance: i-0e27696c0b6ac7165 
 26-05-06 15:59:18 [INFO] LISTING INSTANCES 
 26-05-06 23:12:38 [INFO] LISTING INSTANCES 
 26-05-06 23:12:51 [INFO] Started Stoping all running instances 
 26-05-06 23:12:54 [INFO] stoped instances i-0e27696c0b6ac7165	i-0db074297ddda25b4 
 26-05-06 23:12:57 [INFO] LISTING INSTANCES 
 26-05-06 23:13:00 [INFO] LISTING INSTANCES 
 26-05-06 23:13:03 [INFO] LISTING INSTANCES 
 26-05-06 23:13:06 [INFO] LISTING INSTANCES 
 26-05-06 23:13:08 [INFO] LISTING INSTANCES 
 26-05-06 23:13:10 [INFO] LISTING INSTANCES 
 26-05-06 23:13:14 [INFO] LISTING INSTANCES 
 26-05-06 23:13:23 [ERROR] invalid section 
 26-05-06 23:13:30 [INFO] Sarted terminating the instances which are stoped 
 26-05-06 23:13:34 [INFO] Terminating the instances i-0e27696c0b6ac7165	i-0db074297ddda25b4 
 26-05-06 23:13:36 [INFO] LISTING INSTANCES 
 26-05-07 14:55:13 [INFO] Creating ec2 instance 
 26-05-07 14:55:15 [INFO] Created instance: i-0af990a2ea5404020	i-0dce4dad5088a73a2	i-0e0d07f48aa6df93a 
 26-05-07 14:55:24 [INFO] LISTING INSTANCES 
 26-05-07 14:56:22 [INFO] LISTING INSTANCES 
 26-05-07 14:56:29 [INFO] Stoping the instance 
 26-05-07 14:56:32 [INFO] i-0e0d07f48aa6df93a Stoped 
 26-05-07 14:56:33 [INFO] LISTING INSTANCES 
 26-05-07 14:56:36 [INFO] Stoping the instance 
 26-05-07 14:56:38 [INFO] i-0e0d07f48aa6df93a Stoped 
 26-05-07 14:56:40 [INFO] LISTING INSTANCES 
 26-05-07 14:56:44 [INFO] LISTING INSTANCES 
 26-05-07 14:56:47 [INFO] LISTING INSTANCES 
 26-05-07 15:03:32 [INFO] LISTING INSTANCES 
 26-05-07 15:12:49 [INFO] LISTING INSTANCES 
 26-05-07 15:13:22 [INFO] Stoping the instance 
 26-05-07 15:13:25 [INFO] i-0af990a2ea5404020 Stoped 
 26-05-07 15:14:08 [INFO] LISTING INSTANCES 
 26-05-07 15:36:33 [INFO] LISTING INSTANCES 
 26-05-07 15:36:40 [ERROR] invalid section 
 26-05-07 15:36:51 [INFO] LISTING INSTANCES 
 26-05-07 15:36:57 [INFO] Stoping the instance 
 26-05-07 15:37:00 [INFO] i-0e0d07f48aa6df93a Stoped 
 26-05-07 15:37:01 [INFO] LISTING INSTANCES 
 26-05-07 15:37:04 [INFO] LISTING INSTANCES 
 26-05-07 15:37:06 [INFO] LISTING INSTANCES 
 26-05-07 15:37:08 [INFO] LISTING INSTANCES 
 26-05-07 15:37:10 [INFO] LISTING INSTANCES 
 26-05-07 15:37:11 [INFO] LISTING INSTANCES 
 26-05-07 15:37:14 [INFO] LISTING INSTANCES 
 26-05-07 15:37:16 [INFO] LISTING INSTANCES 
 26-05-07 15:37:18 [INFO] LISTING INSTANCES 
 26-05-07 15:37:20 [INFO] LISTING INSTANCES 
 26-05-07 15:37:21 [INFO] LISTING INSTANCES 
 26-05-07 15:38:21 [INFO] LISTING INSTANCES 
 26-05-07 15:43:28 [INFO] Started Stoping all running instances 
 26-05-07 15:43:31 [INFO] stoped instances i-0af990a2ea5404020	i-0dce4dad5088a73a2	i-0e0d07f48aa6df93a 
 26-05-07 15:43:36 [INFO] LISTING INSTANCES 
 26-05-07 17:19:45 [INFO] LISTING INSTANCES 
 26-05-07 17:20:44 [INFO] LISTING INSTANCES 
 26-05-07 17:33:22 [INFO] LISTING INSTANCES 
 26-05-07 17:33:28 [INFO] Started Stoping all running instances 
 26-05-07 17:33:31 [INFO] stoped instances i-0af990a2ea5404020	i-0dce4dad5088a73a2	i-0e0d07f48aa6df93a 
 26-05-07 17:33:35 [INFO] LISTING INSTANCES 
 26-05-07 17:33:38 [INFO] Started Stoping all running instances 
 26-05-07 17:33:41 [INFO] LISTING INSTANCES 
 26-05-07 17:33:44 [INFO] Started Stoping all running instances 
 26-05-07 17:33:46 [INFO] LISTING INSTANCES 
 26-05-07 17:33:50 [INFO] LISTING INSTANCES 
 26-05-07 18:01:01 [INFO] LISTING INSTANCES 
 26-05-08 11:35:12 [ERROR] invalid section 
 26-05-08 11:35:14 [INFO] LISTING INSTANCES 
 26-05-08 11:35:25 [INFO] Started Stoping all running instances 
 26-05-08 11:35:27 [INFO] stoped instances i-0dce4dad5088a73a2 
 26-05-08 11:35:31 [INFO] LISTING INSTANCES 
 26-05-08 11:37:29 [INFO] LISTING INSTANCES 
 26-05-08 12:01:01 [INFO] LISTING INSTANCES 
 26-05-08 12:01:10 [INFO] Started Stoping all running instances 
 26-05-08 12:01:13 [INFO] stoped instances i-0dce4dad5088a73a2 
 26-05-08 12:01:16 [INFO] LISTING INSTANCES 
 26-05-08 12:01:20 [INFO] LISTING INSTANCES 
 26-05-08 12:01:22 [INFO] LISTING INSTANCES 
 26-05-08 12:01:25 [INFO] LISTING INSTANCES 
 26-05-08 12:01:28 [INFO] LISTING INSTANCES 
 26-05-08 12:01:31 [INFO] LISTING INSTANCES 
 26-05-08 12:01:37 [INFO] LISTING INSTANCES 
 26-05-08 12:01:51 [INFO] LISTING INSTANCES 
 26-05-08 12:01:55 [INFO] Started Stoping all running instances 
 26-05-08 12:01:57 [INFO] stoped instances i-0dce4dad5088a73a2 
 26-05-08 12:02:25 [INFO] Started Stoping all running instances 
 26-05-08 12:02:28 [INFO] stoped instances i-0dce4dad5088a73a2 
 26-05-08 12:53:15 [INFO] LISTING INSTANCES 
 26-05-08 12:53:21 [INFO] Started Stoping all running instances 
 26-05-08 12:53:24 [INFO] stoped instances i-0dce4dad5088a73a2 
 26-05-08 12:53:26 [INFO] LISTING INSTANCES 
 26-05-08 12:54:43 [INFO] Creating ec2 instance 
 26-05-08 12:54:45 [INFO] Created instance: i-07781ab203d0d0072	i-0f45b2f6566fa75de 
 26-05-08 12:54:48 [INFO] LISTING INSTANCES 
 26-05-08 12:55:16 [INFO] Stoping the instance 
 26-05-08 12:55:19 [INFO] i-07781ab203d0d0072 Stoped 
 26-05-08 12:56:12 [INFO] Terminating the instance i-07781ab203d0d0072 
 26-05-08 12:56:15 [INFO] TERMINATED i-07781ab203d0d0072 
 26-05-08 14:33:53 [INFO] LISTING INSTANCES 
 26-05-08 14:34:01 [INFO] Creating ec2 instance 
 26-05-08 14:34:03 [INFO] Created instance: i-05dcabe2823ff9637	i-01ccd399ac001484c 
 26-05-08 14:34:07 [INFO] LISTING INSTANCES 
 26-05-08 14:34:58 [INFO] Stoping the instance 
 26-05-08 14:35:00 [INFO] i-01ccd399ac001484c Stoped 
 26-05-08 14:35:02 [INFO] i-05dcabe2823ff9637 Stoped 
 26-05-08 14:35:04 [INFO] LISTING INSTANCES 
 26-05-08 14:35:15 [INFO] LISTING INSTANCES 
 26-05-08 14:35:21 [INFO] LISTING INSTANCES 
 26-05-08 14:35:24 [INFO] LISTING INSTANCES 
 26-05-08 14:35:28 [INFO] LISTING INSTANCES 
 26-05-08 14:35:31 [INFO] LISTING INSTANCES 
 26-05-08 14:35:46 [INFO] LISTING INSTANCES 
 26-05-08 14:36:03 [INFO] LISTING INSTANCES 
 26-05-08 14:36:18 [INFO] Started Stoping all running instances 
 26-05-08 14:36:20 [INFO] stoped instances i-0dce4dad5088a73a2	i-0f45b2f6566fa75de	i-05dcabe2823ff9637	i-01ccd399ac001484c 
 26-05-08 14:36:24 [INFO] LISTING INSTANCES 
 26-05-08 14:37:40 [INFO] LISTING INSTANCES 
 26-05-08 14:47:00 [INFO] Started Stoping all running instances 
 26-05-08 14:47:03 [INFO] stoped instances i-0dce4dad5088a73a2	i-0f45b2f6566fa75de	i-05dcabe2823ff9637	i-01ccd399ac001484c 
 26-05-08 14:47:09 [INFO] LISTING INSTANCES 
 26-05-08 15:12:25 [INFO] LISTING INSTANCES 
 26-05-08 15:23:22 [INFO] LISTING INSTANCES 
 26-05-08 15:23:36 [INFO] Started Stoping all running instances 
 26-05-08 15:23:38 [INFO] stoped instances i-0dce4dad5088a73a2	i-0f45b2f6566fa75de	i-05dcabe2823ff9637	i-01ccd399ac001484c 
 26-05-08 15:23:42 [INFO] LISTING INSTANCES 
 26-05-08 15:23:50 [INFO] LISTING INSTANCES 
 26-05-08 15:23:52 [INFO] LISTING INSTANCES 
 26-05-08 15:23:55 [INFO] LISTING INSTANCES 
 26-05-08 15:23:58 [INFO] LISTING INSTANCES 
 26-05-08 15:24:11 [INFO] LISTING INSTANCES 
 26-05-08 15:24:14 [INFO] LISTING INSTANCES 
 26-05-08 15:24:17 [INFO] LISTING INSTANCES 
 26-05-08 15:24:21 [INFO] LISTING INSTANCES 
 26-05-08 15:24:26 [INFO] LISTING INSTANCES 
 26-05-08 15:24:29 [INFO] LISTING INSTANCES 
 26-05-08 15:24:39 [INFO] Started Stoping all running instances 
 26-05-08 15:24:42 [INFO] stoped instances i-0dce4dad5088a73a2	i-0f45b2f6566fa75de	i-05dcabe2823ff9637	i-01ccd399ac001484c 
 26-05-08 15:29:07 [INFO] Started Stoping all running instances 
 26-05-08 15:29:09 [INFO] stoped instances i-0dce4dad5088a73a2	i-0f45b2f6566fa75de	i-05dcabe2823ff9637	i-01ccd399ac001484c 
 26-05-08 15:29:11 [INFO] LISTING INSTANCES 
 26-05-08 15:37:14 [INFO] Started Stoping all running instances 
 26-05-08 15:37:17 [INFO] stoped instances i-0dce4dad5088a73a2	i-0f45b2f6566fa75de	i-05dcabe2823ff9637	i-01ccd399ac001484c 
 26-05-08 15:37:38 [INFO] LISTING INSTANCES 
 26-05-08 15:40:56 [INFO] Started Stoping all running instances 
 26-05-08 15:40:59 [INFO] stoped instances i-0dce4dad5088a73a2	i-0f45b2f6566fa75de	i-05dcabe2823ff9637	i-01ccd399ac001484c 
 26-05-08 15:43:30 [INFO] LISTING INSTANCES 
 26-05-08 15:48:27 [INFO] Started Stoping all running instances 
 26-05-08 15:48:30 [INFO] stoped instances i-0dce4dad5088a73a2 
 26-05-08 15:48:32 [INFO] LISTING INSTANCES 
 26-05-08 23:00:53 [INFO] LISTING INSTANCES 
 26-05-08 23:01:06 [INFO] Stoping the instance 
 26-05-08 23:01:12 [INFO] i-0a4e1197d71a42532 Stoped 
 26-05-08 23:01:16 [INFO] LISTING INSTANCES 
 26-05-08 23:01:24 [INFO] LISTING INSTANCES 
 26-05-08 23:01:28 [INFO] LISTING INSTANCES 
 26-05-09 13:18:01 [INFO] LISTING INSTANCES 
 26-05-09 13:24:22 [INFO] LISTING INSTANCES 
 26-05-09 13:27:43 [INFO] LISTING INSTANCES 
 26-05-09 13:32:20 [INFO] Started Stoping all running instances 
 26-05-09 13:32:22 [INFO] stoped instances i-0dce4dad5088a73a2	i-0f45b2f6566fa75de	i-05dcabe2823ff9637	i-01ccd399ac001484c	i-0a4e1197d71a42532 
 26-05-09 13:32:24 [INFO] LISTING INSTANCES 
 26-05-09 13:34:17 [INFO] LISTING INSTANCES 
 26-05-09 13:34:20 [INFO] Started Stoping all running instances 
 26-05-09 13:34:23 [INFO] stoped instances i-0dce4dad5088a73a2	i-0f45b2f6566fa75de	i-05dcabe2823ff9637	i-01ccd399ac001484c	i-0a4e1197d71a42532 
 26-05-09 13:34:25 [INFO] LISTING INSTANCES 
 26-05-09 13:35:29 [INFO] LISTING INSTANCES 
 26-05-09 13:35:34 [INFO] LISTING INSTANCES 
 26-05-09 13:35:37 [INFO] LISTING INSTANCES 
 26-05-09 13:35:39 [INFO] LISTING INSTANCES 
 26-05-09 13:35:41 [INFO] LISTING INSTANCES 
 26-05-09 13:35:43 [INFO] LISTING INSTANCES 
 26-05-09 13:35:46 [INFO] LISTING INSTANCES 
 26-05-09 13:35:48 [INFO] LISTING INSTANCES 
 26-05-09 13:35:50 [INFO] LISTING INSTANCES 
 26-05-09 13:35:53 [INFO] LISTING INSTANCES 
 26-05-09 13:38:34 [INFO] LISTING INSTANCES 
 26-05-09 13:39:20 [INFO] Terminating the instance i-05dcabe2823ff9637 
 26-05-09 13:39:22 [INFO] TERMINATED i-05dcabe2823ff9637 
 26-05-09 13:39:25 [INFO] LISTING INSTANCES 
 26-05-09 13:39:47 [INFO] LISTING INSTANCES 
 26-05-09 13:39:51 [INFO] LISTING INSTANCES 
 26-05-09 13:39:55 [INFO] LISTING INSTANCES 
 26-05-09 13:39:59 [INFO] LISTING INSTANCES 
 26-05-09 13:40:02 [INFO] LISTING INSTANCES 
 26-05-09 13:40:04 [INFO] LISTING INSTANCES 
 26-05-09 13:40:17 [INFO] LISTING INSTANCES 
 26-05-09 13:40:27 [INFO] LISTING INSTANCES 
 26-05-09 13:40:30 [INFO] LISTING INSTANCES 
 26-05-09 13:42:27 [INFO] LISTING INSTANCES 
 26-05-09 14:12:41 [INFO] LISTING INSTANCES 
 26-05-09 14:12:53 [INFO] Started Stoping all running instances 
 26-05-09 14:12:56 [INFO] stoped instances i-0dce4dad5088a73a2	i-0f45b2f6566fa75de	i-01ccd399ac001484c	i-0a4e1197d71a42532 
 26-05-09 14:12:58 [INFO] LISTING INSTANCES 
 26-05-09 14:13:12 [INFO] LISTING INSTANCES 
 26-05-09 14:13:46 [INFO] LISTING INSTANCES 
 26-05-09 14:13:51 [INFO] LISTING INSTANCES 
 26-05-09 14:13:54 [INFO] LISTING INSTANCES 
 26-05-09 14:13:57 [INFO] LISTING INSTANCES 
 26-05-09 14:13:59 [INFO] LISTING INSTANCES 
 26-05-09 14:14:01 [INFO] LISTING INSTANCES 
 26-05-09 14:14:03 [INFO] LISTING INSTANCES 
 26-05-09 14:14:05 [INFO] LISTING INSTANCES 
 26-05-09 14:14:07 [INFO] LISTING INSTANCES 
 26-05-09 14:14:09 [INFO] LISTING INSTANCES 
 26-05-09 14:14:12 [INFO] LISTING INSTANCES 
 26-05-09 14:14:16 [INFO] LISTING INSTANCES 
 26-05-09 14:15:40 [INFO] Started Stoping all running instances 
 26-05-09 14:15:43 [INFO] stoped instances i-0dce4dad5088a73a2	i-0f45b2f6566fa75de	i-01ccd399ac001484c	i-0a4e1197d71a42532 
 26-05-09 14:15:49 [INFO] LISTING INSTANCES 
 26-05-09 14:15:57 [INFO] LISTING INSTANCES 
 26-05-09 14:16:00 [INFO] LISTING INSTANCES 
 26-05-09 14:16:22 [INFO] LISTING INSTANCES 
 26-05-09 14:16:30 [INFO] LISTING INSTANCES 
 26-05-09 14:16:37 [INFO] LISTING INSTANCES 
 26-05-09 14:16:39 [INFO] LISTING INSTANCES 
 26-05-09 14:16:41 [INFO] LISTING INSTANCES 
 26-05-09 14:16:43 [INFO] LISTING INSTANCES 
 26-05-09 14:16:45 [INFO] LISTING INSTANCES 
 26-05-09 14:16:46 [INFO] LISTING INSTANCES 
 26-05-09 14:16:48 [INFO] LISTING INSTANCES 
 26-05-09 14:16:49 [INFO] LISTING INSTANCES 
 26-05-09 14:16:51 [INFO] LISTING INSTANCES 
 26-05-09 14:16:53 [INFO] LISTING INSTANCES 
 26-05-09 14:16:55 [INFO] LISTING INSTANCES 
 26-05-09 14:16:56 [INFO] LISTING INSTANCES 
 26-05-09 14:16:58 [INFO] LISTING INSTANCES 
 26-05-09 14:17:00 [INFO] LISTING INSTANCES 
 26-05-09 14:17:01 [INFO] LISTING INSTANCES 
 26-05-09 14:17:03 [INFO] LISTING INSTANCES 
 26-05-09 14:18:18 [INFO] Started Stoping all running instances 
 26-05-09 14:18:21 [INFO] stoped instances i-0dce4dad5088a73a2	i-0f45b2f6566fa75de	i-01ccd399ac001484c	i-0a4e1197d71a42532 
 26-05-09 14:18:24 [INFO] LISTING INSTANCES 
 26-05-09 14:19:19 [INFO] Started Stoping all running instances 
 26-05-09 14:19:22 [INFO] stoped instances i-0dce4dad5088a73a2	i-0f45b2f6566fa75de	i-0a4e1197d71a42532 
 26-05-09 14:19:26 [INFO] LISTING INSTANCES 
 26-05-09 14:19:41 [INFO] LISTING INSTANCES 
 26-05-09 14:19:52 [INFO] LISTING INSTANCES 
 26-05-09 14:19:55 [INFO] LISTING INSTANCES 
 26-05-09 14:19:59 [INFO] LISTING INSTANCES 
 26-05-09 14:20:03 [INFO] LISTING INSTANCES 
 26-05-09 14:20:07 [INFO] LISTING INSTANCES 
 26-05-09 14:20:11 [INFO] LISTING INSTANCES 
 26-05-09 14:20:13 [INFO] LISTING INSTANCES 
 26-05-09 14:20:15 [INFO] LISTING INSTANCES 
 26-05-09 14:20:18 [INFO] LISTING INSTANCES 
 26-05-09 14:20:21 [INFO] LISTING INSTANCES 
 26-05-09 14:20:23 [INFO] LISTING INSTANCES 
 26-05-09 14:20:26 [INFO] LISTING INSTANCES 
 26-05-09 14:20:31 [INFO] LISTING INSTANCES 
 26-05-09 14:20:34 [INFO] LISTING INSTANCES 
 26-05-09 14:20:37 [INFO] LISTING INSTANCES 
 26-05-09 14:32:09 [INFO] Started Stoping all running instances 
 26-05-09 14:32:12 [INFO] stoped instances i-0dce4dad5088a73a2	i-0f45b2f6566fa75de	i-01ccd399ac001484c	i-0a4e1197d71a42532 
 26-05-09 14:32:14 [INFO] LISTING INSTANCES 
 26-05-09 14:32:59 [INFO] LISTING INSTANCES 
 26-05-09 14:33:43 [INFO] LISTING INSTANCES 
 26-05-09 14:34:44 [INFO] Started Stoping all running instances 
 26-05-09 14:34:47 [INFO] stoped instances i-0dce4dad5088a73a2	i-0f45b2f6566fa75de	i-01ccd399ac001484c	i-0a4e1197d71a42532 
 26-05-09 14:34:49 [INFO] LISTING INSTANCES 
 26-05-09 14:35:01 [INFO] LISTING INSTANCES 
 26-05-09 14:35:14 [INFO] LISTING INSTANCES 
 26-05-09 14:35:17 [INFO] LISTING INSTANCES 
 26-05-09 14:35:22 [INFO] LISTING INSTANCES 
 26-05-09 14:35:32 [INFO] LISTING INSTANCES 
 26-05-09 14:35:37 [INFO] LISTING INSTANCES 
 26-05-09 14:35:44 [INFO] LISTING INSTANCES 
 26-05-09 14:35:48 [INFO] LISTING INSTANCES 
 26-05-09 14:35:50 [INFO] LISTING INSTANCES 
 26-05-09 14:35:52 [INFO] LISTING INSTANCES 
 26-05-09 14:35:53 [INFO] LISTING INSTANCES 
 26-05-09 15:15:41 [INFO] LISTING INSTANCES 
 26-05-09 15:15:44 [INFO] Started Stoping all running instances 
 26-05-09 15:15:46 [INFO] stoped instances i-0dce4dad5088a73a2	i-0f45b2f6566fa75de	i-01ccd399ac001484c	i-0a4e1197d71a42532 
 26-05-09 15:15:48 [INFO] LISTING INSTANCES 
 26-05-09 15:16:28 [INFO] LISTING INSTANCES 
 26-05-09 15:16:31 [INFO] LISTING INSTANCES 
 26-05-09 15:16:33 [INFO] LISTING INSTANCES 
 26-05-09 15:16:41 [INFO] LISTING INSTANCES 
 26-05-09 15:16:43 [INFO] LISTING INSTANCES 
 26-05-09 15:16:46 [INFO] LISTING INSTANCES 
 26-05-09 15:16:49 [INFO] LISTING INSTANCES 
 26-05-09 15:16:51 [INFO] LISTING INSTANCES 
 26-05-09 15:16:53 [INFO] LISTING INSTANCES 
 26-05-09 15:16:54 [INFO] LISTING INSTANCES 
 26-05-09 15:16:56 [INFO] LISTING INSTANCES 
 26-05-09 15:16:58 [INFO] LISTING INSTANCES 
 26-05-09 15:17:00 [INFO] LISTING INSTANCES 
 26-05-09 15:17:02 [INFO] LISTING INSTANCES 
 26-05-09 15:17:04 [INFO] LISTING INSTANCES 
 26-05-09 15:17:06 [INFO] LISTING INSTANCES 
 26-05-09 15:17:08 [INFO] LISTING INSTANCES 
 26-05-09 15:17:11 [INFO] LISTING INSTANCES 
 26-05-09 15:17:14 [INFO] LISTING INSTANCES 
 26-05-09 15:17:15 [INFO] LISTING INSTANCES 
 26-05-09 15:17:17 [INFO] LISTING INSTANCES 
 26-05-09 15:17:19 [INFO] LISTING INSTANCES 
 26-05-09 15:17:21 [INFO] LISTING INSTANCES 
 26-05-09 15:17:24 [INFO] LISTING INSTANCES 
 26-05-09 15:25:14 [INFO] LISTING INSTANCES 
 26-05-09 15:34:57 [INFO] Creating ec2 instance 
 26-05-09 15:34:58 [ERROR] Command failed at line 104: INSTANCE_ID=$(aws ec2 run-instances --tags Key=AutoRestart,Values="$AutoRestart" --image-id ami-0e12ffc2dd465f6e4 --instance-type t3.micro --count $COUNT --query "Instances[].InstanceId" --output text) 
 26-05-09 15:38:48 [INFO] Creating ec2 instance 
 26-05-09 15:38:51 [INFO] Created instance: i-01edca0688468d898 
 26-05-09 15:39:03 [INFO] LISTING INSTANCES 
 26-05-09 15:45:11 [INFO] LISTING INSTANCES 
 26-05-09 15:50:45 [INFO] LISTING INSTANCES 
 26-05-09 15:51:05 [INFO] Sarted terminating the instances which are stoped 
 26-05-09 15:51:06 [ERROR] no instances in stoped state 
 26-05-09 15:51:16 [INFO] LISTING INSTANCES 
 26-05-09 15:51:31 [INFO] Started Stoping all running instances 
 26-05-09 15:51:34 [INFO] stoped instances i-0dce4dad5088a73a2	i-0f45b2f6566fa75de	i-01ccd399ac001484c	i-0a4e1197d71a42532	i-01edca0688468d898 
 26-05-09 15:51:36 [INFO] LISTING INSTANCES 
 26-05-09 15:51:39 [INFO] LISTING INSTANCES 
 26-05-09 15:51:41 [INFO] LISTING INSTANCES 
 26-05-09 15:51:43 [INFO] LISTING INSTANCES 
 26-05-09 15:51:45 [INFO] LISTING INSTANCES 
 26-05-09 15:51:48 [INFO] LISTING INSTANCES 
 26-05-09 15:51:50 [INFO] LISTING INSTANCES 
 26-05-09 15:51:52 [INFO] LISTING INSTANCES 
 26-05-09 15:51:54 [INFO] LISTING INSTANCES 
 26-05-09 15:51:56 [INFO] LISTING INSTANCES 
 26-05-09 15:51:59 [INFO] LISTING INSTANCES 
 26-05-09 15:52:01 [INFO] LISTING INSTANCES 
 26-05-09 15:52:03 [INFO] LISTING INSTANCES 
 26-05-09 15:52:07 [INFO] Sarted terminating the instances which are stoped 
 26-05-09 15:52:10 [INFO] Terminating the instances i-0dce4dad5088a73a2	i-0f45b2f6566fa75de	i-01ccd399ac001484c	i-0a4e1197d71a42532	i-01edca0688468d898 
 26-05-09 15:52:12 [INFO] LISTING INSTANCES 
 26-05-09 15:52:14 [INFO] LISTING INSTANCES 
 26-05-09 15:52:16 [INFO] LISTING INSTANCES 
 26-05-09 15:52:18 [INFO] LISTING INSTANCES 
 26-05-09 15:52:30 [INFO] Creating ec2 instance 
 26-05-09 15:52:32 [INFO] Created instance: i-06c99e3df53b4e081 
 26-05-09 15:52:41 [INFO] LISTING INSTANCES 
 26-05-09 15:58:49 [INFO] Started Stoping all running instances 
 26-05-09 15:58:52 [INFO] stoped instances i-06c99e3df53b4e081	i-0f079911d1f0ed899 
 26-05-09 15:58:58 [INFO] LISTING INSTANCES 
 26-05-09 16:31:22 [INFO] LISTING INSTANCES 
 26-05-09 16:31:33 [INFO] Creating ec2 instance 
 26-05-09 16:31:36 [INFO] Created instance: i-072d71a2d5075eea2 
 26-05-09 16:38:15 [INFO] Creating ec2 instance 
 26-05-09 16:38:17 [INFO] Created instance: i-0672e5515f1a6c197 
 26-05-09 16:38:24 [INFO] LISTING INSTANCES 
 26-05-09 16:38:59 [INFO] Creating ec2 instance 
 26-05-09 16:39:01 [INFO] Created instance: i-083873df7e5f66845 
 26-05-09 16:39:03 [INFO] LISTING INSTANCES 
 26-05-09 16:39:25 [INFO] LISTING INSTANCES 
 26-05-09 16:39:32 [INFO] LISTING INSTANCES 
 26-05-09 16:39:34 [INFO] LISTING INSTANCES 
 26-05-09 16:39:46 [INFO] LISTING INSTANCES 
 26-05-09 16:40:12 [INFO] LISTING INSTANCES 
 26-05-09 16:40:24 [INFO] Started Stoping all running instances 
 26-05-09 16:40:27 [INFO] stoped instances i-072d71a2d5075eea2	i-083873df7e5f66845	i-0672e5515f1a6c197 
 26-05-09 16:40:28 [INFO] LISTING INSTANCES 
 26-05-09 16:40:33 [INFO] LISTING INSTANCES 
 26-05-09 16:40:38 [INFO] LISTING INSTANCES 
 26-05-09 16:40:41 [INFO] LISTING INSTANCES 
 26-05-09 16:40:44 [INFO] LISTING INSTANCES 
 26-05-09 16:40:47 [INFO] LISTING INSTANCES 
 26-05-09 16:40:54 [INFO] LISTING INSTANCES 
 26-05-09 16:40:58 [INFO] LISTING INSTANCES 
 26-05-09 16:41:01 [INFO] LISTING INSTANCES 
 26-05-09 16:41:18 [INFO] LISTING INSTANCES 
 26-05-09 16:41:30 [INFO] LISTING INSTANCES 
 26-05-09 16:41:57 [INFO] LISTING INSTANCES 
 26-05-09 16:42:00 [INFO] LISTING INSTANCES 
 26-05-09 16:42:03 [INFO] LISTING INSTANCES 
 26-05-09 16:42:05 [INFO] LISTING INSTANCES 
 26-05-09 16:42:08 [INFO] LISTING INSTANCES 
 26-05-09 16:42:12 [INFO] LISTING INSTANCES 
 26-05-09 16:42:16 [INFO] LISTING INSTANCES 
 26-05-09 16:42:35 [INFO] LISTING INSTANCES 
 26-05-09 16:42:38 [INFO] LISTING INSTANCES 
 26-05-09 16:42:41 [INFO] LISTING INSTANCES 
 26-05-09 16:42:46 [INFO] LISTING INSTANCES 
 26-05-09 16:42:48 [INFO] LISTING INSTANCES 
 26-05-09 16:42:53 [INFO] LISTING INSTANCES 
 26-05-11 12:39:10 [INFO] LISTING INSTANCES 
 26-05-11 12:57:33 [INFO] Creating ec2 instance 
 26-05-11 12:57:37 [INFO] Created instance: i-03aaf966d85844c9b 
 26-05-11 12:57:42 [INFO] LISTING INSTANCES 
 26-05-11 12:58:34 [INFO] Stoping the instance 
 26-05-11 12:58:38 [INFO] i-03aaf966d85844c9b Stoped 
 26-05-11 12:58:50 [INFO] LISTING INSTANCES 
 26-05-11 12:58:54 [INFO] LISTING INSTANCES 
 26-05-11 12:58:57 [INFO] LISTING INSTANCES 
 26-05-11 12:59:40 [INFO] LISTING INSTANCES 
 26-05-11 12:59:44 [INFO] LISTING INSTANCES 
 26-05-11 12:59:54 [INFO] Stoping the instance 
 26-05-11 12:59:57 [INFO] i-03aaf966d85844c9b Stoped 
 26-05-11 15:12:07 [ERROR] invalid section 
 26-05-11 15:12:12 [INFO] LISTING INSTANCES 
 26-05-11 15:12:23 [INFO] Stoping the instance 
 26-05-11 15:12:25 [INFO] i-03aaf966d85844c9b Stoped 
 26-05-11 17:51:41 [INFO] LISTING INSTANCES 
 26-05-11 17:51:49 [INFO] Stoping the instance 
 26-05-11 17:51:52 [INFO] i-03aaf966d85844c9b Stoped 
 26-05-12 10:19:18 [INFO] LISTING INSTANCES 
 26-05-12 10:19:34 [INFO] Terminating the instance i-03aaf966d85844c9b 
 26-05-12 10:19:36 [INFO] TERMINATED i-03aaf966d85844c9b 
 26-05-12 10:19:39 [INFO] LISTING INSTANCES 
 26-05-12 10:19:42 [INFO] LISTING INSTANCES 
 26-05-12 16:46:12 [INFO] LISTING INSTANCES 
 26-05-12 16:46:27 [INFO] Creating ec2 instance 
 26-05-12 16:46:29 [INFO] Created instance: i-08e3b4b18034dc4fb 
 26-05-12 16:46:32 [INFO] LISTING INSTANCES 
